src/lib/article-validator.ts(11,48): error TS2307: Cannot find module '../base-validator' or its corresponding type declarations.
src/lib/article-validator.ts(12,47): error TS2307: Cannot find module '../grammar-types' or its corresponding type declarations.
src/lib/article-validator.ts(13,94): error TS2307: Cannot find module '../grammar-tokenizer' or its corresponding type declarations.
src/lib/article-validator.ts(14,33): error TS2307: Cannot find module '../grammar-normalization' or its corresponding type declarations.
src/lib/article-validator.ts(21,8): error TS2307: Cannot find module '../noun-database' or its corresponding type declarations.
src/lib/article-validator.ts(22,34): error TS2307: Cannot find module '../grammar-explanations' or its corresponding type declarations.
src/lib/article-validator.ts(70,34): error TS2339: Property 'createError' does not exist on type 'ArticleValidator'.
src/lib/article-validator.ts(88,30): error TS2339: Property 'createError' does not exist on type 'ArticleValidator'.
src/lib/article-validator.ts(107,30): error TS2339: Property 'createError' does not exist on type 'ArticleValidator'.
src/lib/article-validator.ts(130,30): error TS2339: Property 'createError' does not exist on type 'ArticleValidator'.
src/lib/base-validator.ts(62,7): error TS2322: Type 'string' is not assignable to type '"article" | "verb" | "inversion" | "tense" | "negation" | "modal" | "separable_verb" | "subject" | "typo"'.
src/lib/base-validator.ts(66,7): error TS2322: Type 'number' is not assignable to type '1 | 2 | 3'.
src/lib/base-validator.ts(68,37): error TS2352: Conversion of type '{ type: string; message: string; userToken: string; expectedToken: string; priority: number; validator: string; }' to type 'GrammarError' may be a mistake because neither type sufficiently overlaps with the other. If this was intentional, convert the expression to 'unknown' first.
  Property 'explanation' is missing in type '{ type: string; message: string; userToken: string; expectedToken: string; priority: number; validator: string; }' but required in type 'GrammarError'.
src/lib/dutch-data.ts(385,38): error TS2345: Argument of type '"werken" | "leren" | "lezen" | "reizen"' is not assignable to parameter of type '"kunnen" | "moeten" | "willen"'.
  Type '"werken"' is not assignable to type '"kunnen" | "moeten" | "willen"'.
src/lib/dutch-data.ts(395,43): error TS2352: Conversion of type '{ en: "stay"; nlInf: "blijven"; nlSingular: "blijft"; nlIk: "blijf"; nlPlural: "blijven"; }' to type '{ readonly en: "work"; readonly nlInf: "werken"; readonly nlSingular: "werkt"; readonly nlIk: "werk"; readonly nlPlural: "werken"; } | { readonly en: "learn"; readonly nlInf: "leren"; readonly nlSingular: "leert"; readonly nlIk: "leer"; readonly nlPlural: "leren"; } | { ...; } | { ...; }' may be a mistake because neither type sufficiently overlaps with the other. If this was intentional, convert the expression to 'unknown' first.
  Type '{ en: "stay"; nlInf: "blijven"; nlSingular: "blijft"; nlIk: "blijf"; nlPlural: "blijven"; }' is not comparable to type '{ readonly en: "travel"; readonly nlInf: "reizen"; readonly nlSingular: "reist"; readonly nlIk: "reis"; readonly nlPlural: "reizen"; }'.
    Types of property 'en' are incompatible.
      Type '"stay"' is not comparable to type '"travel"'.
src/lib/dutch-data.ts(404,43): error TS2352: Conversion of type '{ en: "know"; nlInf: "weten"; nlSingular: "weet"; nlIk: "weet"; nlPlural: "weten"; }' to type '{ readonly en: "work"; readonly nlInf: "werken"; readonly nlSingular: "werkt"; readonly nlIk: "werk"; readonly nlPlural: "werken"; } | { readonly en: "learn"; readonly nlInf: "leren"; readonly nlSingular: "leert"; readonly nlIk: "leer"; readonly nlPlural: "leren"; } | { ...; } | { ...; }' may be a mistake because neither type sufficiently overlaps with the other. If this was intentional, convert the expression to 'unknown' first.
  Type '{ en: "know"; nlInf: "weten"; nlSingular: "weet"; nlIk: "weet"; nlPlural: "weten"; }' is not comparable to type '{ readonly en: "travel"; readonly nlInf: "reizen"; readonly nlSingular: "reist"; readonly nlIk: "reis"; readonly nlPlural: "reizen"; }'.
    Types of property 'en' are incompatible.
      Type '"know"' is not comparable to type '"travel"'.
src/lib/error-prioritizer.ts(261,60): error TS2339: Property 'message' does not exist on type 'GrammarError'.
src/lib/error-prioritizer.ts(297,33): error TS2339: Property 'message' does not exist on type 'GrammarError'.
src/lib/error-prioritizer.ts(298,54): error TS2339: Property 'suggestion' does not exist on type 'GrammarError'.
src/lib/error-prioritizer.ts(299,38): error TS2339: Property 'suggestion' does not exist on type 'GrammarError'.
src/lib/grammar-explanations.ts(249,49): error TS2322: Type 'string | undefined' is not assignable to type 'string'.
  Type 'undefined' is not assignable to type 'string'.
src/lib/grammar-explanations.ts(249,58): error TS2322: Type 'string | undefined' is not assignable to type 'string'.
  Type 'undefined' is not assignable to type 'string'.
src/lib/grammar-explanations.ts(255,46): error TS2322: Type 'string | undefined' is not assignable to type 'string'.
  Type 'undefined' is not assignable to type 'string'.
src/lib/grammar-explanations.ts(255,55): error TS2322: Type 'string | undefined' is not assignable to type 'string'.
  Type 'undefined' is not assignable to type 'string'.
src/lib/grammar-explanations.ts(255,77): error TS2322: Type 'string | undefined' is not assignable to type 'string'.
  Type 'undefined' is not assignable to type 'string'.
src/lib/grammar-explanations.ts(261,49): error TS2322: Type 'string | undefined' is not assignable to type 'string'.
  Type 'undefined' is not assignable to type 'string'.
src/lib/grammar-explanations.ts(261,54): error TS2322: Type 'string | undefined' is not assignable to type 'string'.
  Type 'undefined' is not assignable to type 'string'.
src/lib/grammar-explanations.ts(261,71): error TS2322: Type 'string | undefined' is not assignable to type 'string'.
  Type 'undefined' is not assignable to type 'string'.
src/lib/grammar-explanations.ts(267,44): error TS2322: Type 'string | undefined' is not assignable to type 'string'.
  Type 'undefined' is not assignable to type 'string'.
src/lib/grammar-explanations.ts(267,51): error TS2322: Type 'string | undefined' is not assignable to type 'string'.
  Type 'undefined' is not assignable to type 'string'.
src/lib/grammar-explanations.ts(273,61): error TS2322: Type 'string | undefined' is not assignable to type 'string'.
  Type 'undefined' is not assignable to type 'string'.
src/lib/inversion-validator.ts(10,48): error TS2307: Cannot find module '../base-validator' or its corresponding type declarations.
src/lib/inversion-validator.ts(11,47): error TS2307: Cannot find module '../grammar-types' or its corresponding type declarations.
src/lib/inversion-validator.ts(12,68): error TS2307: Cannot find module '../grammar-tokenizer' or its corresponding type declarations.
src/lib/inversion-validator.ts(13,33): error TS2307: Cannot find module '../grammar-normalization' or its corresponding type declarations.
src/lib/inversion-validator.ts(14,34): error TS2307: Cannot find module '../grammar-explanations' or its corresponding type declarations.
src/lib/inversion-validator.ts(110,21): error TS2339: Property 'createError' does not exist on type 'InversionValidator'.
src/lib/inversion-validator.ts(121,21): error TS2339: Property 'createError' does not exist on type 'InversionValidator'.
src/lib/noun-database.ts(8,30): error TS2307: Cannot find module '../grammar-types' or its corresponding type declarations.
src/lib/noun-database.ts(270,10): error TS2869: Right operand of ?? is unreachable because the left operand is never nullish.
src/lib/validation-engine.ts(41,7): error TS2740: Type 'ArticleValidator' is missing the following properties from type 'BaseValidator': config, createError, normalizeAnswers, getTokenAt, and 6 more.
src/lib/validation-engine.ts(42,7): error TS2740: Type 'VerbValidator' is missing the following properties from type 'BaseValidator': config, createError, normalizeAnswers, getTokenAt, and 6 more.
src/lib/validation-engine.ts(43,7): error TS2740: Type 'InversionValidator' is missing the following properties from type 'BaseValidator': config, createError, normalizeAnswers, getTokenAt, and 6 more.
src/lib/validation-engine.ts(96,7): error TS2353: Object literal may only specify known properties, and 'userAnswer' does not exist in type 'ValidationResult'.
src/lib/validation-engine.ts(192,64): error TS2339: Property 'errorCount' does not exist on type 'ValidationResult'.
src/lib/validation-engine.ts(296,19): error TS2339: Property 'matchScore' does not exist on type 'ValidationResult'.
src/lib/validation-engine.ts(297,24): error TS2339: Property 'errorCount' does not exist on type 'ValidationResult'.
src/lib/validation-engine.ts(300,18): error TS2339: Property 'message' does not exist on type 'GrammarError'.
src/lib/validation-engine.ts(301,21): error TS2339: Property 'suggestion' does not exist on type 'GrammarError'.
src/lib/validation-engine.ts(301,37): error TS2339: Property 'message' does not exist on type 'GrammarError'.
src/lib/verb-database.ts(8,30): error TS2307: Cannot find module '../grammar-types' or its corresponding type declarations.
src/lib/verb-validator.ts(11,48): error TS2307: Cannot find module '../base-validator' or its corresponding type declarations.
src/lib/verb-validator.ts(12,47): error TS2307: Cannot find module '../grammar-types' or its corresponding type declarations.
src/lib/verb-validator.ts(13,54): error TS2307: Cannot find module '../grammar-tokenizer' or its corresponding type declarations.
src/lib/verb-validator.ts(14,33): error TS2307: Cannot find module '../grammar-normalization' or its corresponding type declarations.
src/lib/verb-validator.ts(22,8): error TS2307: Cannot find module '../verb-database' or its corresponding type declarations.
src/lib/verb-validator.ts(23,34): error TS2307: Cannot find module '../grammar-explanations' or its corresponding type declarations.
src/lib/verb-validator.ts(108,28): error TS2339: Property 'createError' does not exist on type 'VerbValidator'.
src/lib/verb-validator.ts(128,60): error TS2339: Property 'areSimilar' does not exist on type 'VerbValidator'.
src/lib/verb-validator.ts(129,30): error TS2339: Property 'createError' does not exist on type 'VerbValidator'.
src/lib/verb-validator.ts(146,26): error TS2339: Property 'createError' does not exist on type 'VerbValidator'.
src/lib/verb-validator.ts(196,28): error TS2339: Property 'createError' does not exist on type 'VerbValidator'.
